wsh> wsh> wsh> wsh> /home
wsh> wsh> wsh> wsh> /usr
wsh> wsh> wsh> /home
wsh> wsh> wsh> /usr
wsh> wsh> wsh> /home
wsh> wsh> wsh> /usr
wsh> wsh> wsh> /home
wsh> wsh> wsh> /usr
wsh> wsh> wsh> /home
wsh> wsh> wsh> /usr
wsh> wsh> wsh> /home
wsh> wsh> wsh> /usr
wsh> 