    char *buf = "hello worldhello worldhello world";
    printf("hello world!\n");
