wsh> wsh> 1
wsh> 2
wsh> 3
wsh> 4
wsh> 5
wsh> 6
wsh> 7
wsh> 8
wsh> 9
wsh> 10
wsh> 1) echo 10
2) echo 9
3) echo 8
4) echo 7
5) echo 6
6) echo 5
7) echo 4
8) echo 3
9) echo 2
10) echo 1
wsh> wsh> 1) echo 10
2) echo 9
3) echo 8
4) echo 7
5) echo 6
wsh> wsh> 1) echo 10
2) echo 9
3) echo 8
4) echo 7
5) echo 6
wsh> 