wsh> hello
wsh> hello
wsh> hello
wsh> hello
wsh> hello
wsh> 1) echo hello
wsh> 