wsh> hello
wsh> Linux
wsh> hello
wsh> 1) echo hello
2) uname
3) echo hello
wsh> 