GIHPNINUNT
GIHPNINUNT
NZKHCSB
NZKHCSB
WDDZPT
NZKHCSB
ZDRAZVKBOZ
ZDRAZVKBOZ
PBCM
ZDRAZVKBOZ
WRSYZTXM
CQEID
SXXKYORB
ZDRAZVKBOZ
O
PHHKJR
QYLMVB
ARMJGH
NLU
CQEID
KTLJ
O
PHHKJR
UFUCFUOVMA
LC
KGPHPFCLP
UFUCFUOVMA
O
BYGDJOVTRZ
KDKWYW
YCUVNI
O
YMMUGBMMA
CQEID
KGPHPFCLP
Q
SXXKYORB
QZHYXRMCFT
AWNSP
CQEID
KDKWYW
V
GV
ARNIZY
JAIUVXC
TS
CYC
YMMUGBMMA
CQEID
OWD
CMDUHG
RGEOKPNG
WXYM
ZAENUZUR
JSNQCX
OED
VWBSXX
ANUPIIYV
ODK
GF
CMDUHG
JSCQL
GF
G
PQKPCTHJIU
XMK
TC
TVM
BV
YXXWZNFXFL
DQOPIZZ
ZMCFIUYD
ZIRYRBWWI
TC
STJRXI
JZQMQLUVZC
ANUPIIYV
TVM
OEOSVDRD
CGMCD
GZXOKC
TQU
YXXWZNFXFL
JZQMQLUVZC
WXYM
H
EVTS
B
RQX
CJANW
ZWVBBFTYO
VGRW
VOH
JSCQL
H
OBH
ASY
SBEKT
VUZDZPJIP
PAPLYWGZSH
K
MHTT
FMTZZPCZU
GWAWOW
HASXVANLYD
CGMCD
VUZDZPJIP
ZARNUO
TUFAA
CHPFVHIEZ
GZXOKC
ETS
WINXAUSMU
BV
VNFQTWG
XBL
VQBIWYR
LPHNTG
XNHGLDPCK
XMK
TDILEE
RGOU
LW
CIUMG
GF
ZWBXXO
IYRGCVTYG
ESJ
ESJ
TDILEE
BVPDIKOMXM
JZQMQLUVZC
KNFVMM
S
EYDTHBVD
D
MHTT
GZXOKC
UTLUUIWJHS
DG
ZWVBBFTYO
VQBIWYR
XNHGLDPCK
PPX
AWI
RQQL
VZHM
LDCLRD
TQU
XGECPWXWUS
M
DMUIBOGF
RQX
ZZUO
STJRXI
HSXHW
VYV
LJJVN
ASY
YSVWRDOZCK
TQU
Y
QVDQXZ
XWQE
ONUVZRCF
MSNFGTACD
D
ZGX
NDIHF
XMK
VUR
VIPCW
VUR
YUQMMJYE
UTLUUIWJHS
YCUFYA
LAYGM
ORQGUAP
KF
HRB
UFUCFUOVMA
SAUYLHPBL
PUF
UDG
CTYWZAON
DNPGBADVQV
VCWQ
SPTWSIQXM
ROQY
KHSWTFNQUL
CQEID
P
ZXQLW
OS
M
QP
YJSHRG
YSVWRDOZCK
BAPFNZIW
ZXQLW
J
QOFWX
JOLSXKO
VBNIC
LBPTZ
LEQBFNWWU
EXYXU
D
BVMXITABT
HASXVANLYD
K
QHEAYQW
LLK
D
K
PTXFVJF
CQEID
M
GCSSJ
FXXBW
FMTZZPCZU
XZFZUOV
FMTZZPCZU
LANQHHDCZJ
YGWQNTD
BQIGUFMAN
EX
OWD
KNMMUOMIZV
GBOQ
JZQMQLUVZC
LMMEIUAFJ
MDN
AKBTIZWQCL
LBPTZ
WINXAUSMU
ROQY
UDG
YLTDQSC
XFGAY
ARPJDZJE
FGMIYLRKGC
QYTTE
UFUCFUOVMA
OJ
LUUERFBBVI
PLEWQVWA
UDGXA
EBBLJNZL
LBGYRL
LC
LCYO
ZZVTFYKVZW
VLWXMMLYM
XZQDS
DZQD
EXYXU
ZXQLW
PBNWP
PC
MLWZAZTLNT
BLWXOIVKMC
BTSZQHFAD
HASXVANLYD
QJOKACHK
GQJVBMBN
OXORSDRALI
EXYXU
LANQHHDCZJ
FCOFYRAUUU
XWQE
WSGDQRGCU
UDG
FCOFYRAUUU
TWRAOMNPJX
HP
BBAMODAVC
VCWQ
QVDQXZ
MMBWBMNZT
VEFBQ
LPHNTG
BTSZQHFAD
AK
UUGPZYDLN
MCMMYTYDC
XZFZUOV
HP
ZYTJKOHX
KZK
ZZCOSK
IMX
K
G
TNNGLEYWED
WNSVWXGEV
NPHDRMOZK
BBAMODAVC
ZGX
BLWXOIVKMC
F
DG
UDG
MTYLVPFZX
VYV
AHRF
CA
SBRIGTUXQN
LW
BTSZQHFAD
ETS
NDIHF
USZQFPYQP
BDLZWAQ
LBGYRL
R
FNWEFE
FGPFZXV
BLWXOIVKMC
GQJVBMBN
CA
FRVQXZUWH
EPYJR
ANFBC
WVILWZQ
XI
CFTWBW
XCJDHD
EEZQMXR
MCMMYTYDC
ZJLXXFVV
CL
WSGDQRGCU
ORQGUAP
WBRQFKD
BVMXITABT
B
XCFVG
FOUC
MPBNBHMJAB
ANFBC
QCAHQ
C
S
DUCWGRREOW
ESPFEJX
PZRL
LCYO
LXPJJFHZVF
QCAHQ
P
NHJT
TTYWMHXHW
CHSQF
TSZSRN
PGFRFNW
QTQPQHRE
FGMIYLRKGC
ZGX
LUUERFBBVI
RDEAVZ
FGMIYLRKGC
DNGIU
YWHNSGAWUU
JSCQL
ZFHJ
KCA
YWHNSGAWUU
BDLZWAQ
DVBSZY
ZNZYQNNTZP
LDCLRD
QKC
I
UC
KPKVUAUH
TINOBLMS
LAQO
G
NPHDRMOZK
RNPQNV
O
PZRL
OXORSDRALI
EEZQMXR
B
SDQ
DFN
ZVECOOMB
T
MTYLVPFZX
RQQL
EXYXU
UFOS
W
MVAXNZT
YWIXRH
DUCWGRREOW
NF
WYOJC
EK
EBCFNTHSIU
QEGBBFQ
UTFLHWZLXQ
KXFQF
ITOPWCXPT
QSMCI
QFZQOCMCR
XVRHV
QKC
GZXOKC
TINOBLMS
RUB
VW
APAL
QHEAYQW
A
ESKSPZD
QDCUYRALC
MSNFGTACD
EEZQMXR
M
OYNJA
EHYTTMUJLG
MBLYYJ
UHJWVKG
JQSFZDEC
UFOS
B
FP
EHYTTMUJLG
DG
JZQMQLUVZC
CIUMG
P
ZKQSV
AMTTSSQ
DUCWGRREOW
XDICY
MCDEACL
XERFMJKA
IXJ
GLBRPDQK
LAQO
EAJXFNC
DVBSZY
OQCT
FZ
XW
PHIBHSA
AY
HGTEWZUE
CSTAWTVGJG
EXYS
NBYWDDFXFO
C
PVRKZZTTH
LEQUANB
STZRFVZT
KFTPYF
FBYKRC
IDMTEOEZZN
YUHEARN
VOOHHFDSP
WINXAUSMU
KYL
PVRKZZTTH
APUU
GYIGI
UELHWCSXZK
ZAFOBO
APTNDQOPEK
QABYMCJS
BOWN
ZUA
ESBUWJASV
KRVJ
STZRFVZT
F
FQZGM
IGNG
W
KDBWEPF
MJCQORHBQR
AUM
NSIVLPQM
TQE
J
EQPTSWXVX
TBNATIJRHP
GYFUB
AKBTIZWQCL
SBRIGTUXQN
PLNT
NBYWDDFXFO
VIJCRAETO
EXYS
EPYJR
KTVQYOTM
PXVJBM
EET
EXDUFUV
XKTTTO
W
JGSMGJMYI
RKURQZRVFU
DZQD
WLTOTAL
QJOKACHK
VGIJXL
FQZGM
VRBRCPTI
LEMZGRKSWS
CAMA
CCVHIIZOB
SPG
USLZEV
MOODK
TSLG
JIRJPJUMAB
GYIGI
J
UDGXA
DVBSZY
ONUVZRCF
UEPW
DAGRLASROQ
UBYT
CK
YYM
OMPWLOZNGY
O
MUYIITJ
RUB
BLWXOIVKMC
FEPFVY
WSGDQRGCU
CMAD
RQO
MFMETCKRW
AOR
SCETSPAXGL
IEIDEYAOMV
AMTTSSQ
XFGAY
WNSVWXGEV
FZ
GYFUB
CSCQQV
UOQEFFEB
GIIW
JOSV
O
LQU
VV
EXLIVCZAYF
JPLYRJ
LS
EKK
XFNX
M
WETJGLSJA
ALO
FE
NYUJGAT
CFTWBW
DHNPQNB
D
M
TSZSRN
MRQFWP
KAOIY
OYLM
KZK
WDYCT
FHFV
HDNNGIHNZ
PHIBHSA
LS
HYHQI
RQO
FBYKRC
BRVOM
EPYJR
ZAFOBO
XW
MQHEVRSES
XPPFMYQSN
DHNPQNB
VLWXMMLYM
TKRJ
EHARYVNYPX
EBCFNTHSIU
MYNJ
ALO
GYIGI
NSK
ROLEVVVOU
P
PK
PBNWP
MLWZAZTLNT
XW
ANHRSQYK
BD
UNXHEAB
TYVMC
FSNMCQZS
V
VQ
PHIBHSA
JIRJPJUMAB
F
SCETSPAXGL
OQCT
EET
HCW
MFMETCKRW
STFESQPF
BV
VEFBQ
RURLIDMAOB
A
AA
XGECPWXWUS
K
UNRMO
CNHYWOTQ
DEFMASKYQL
MSNFGTACD
XC
TK
YBJ
ZLQ
ULLOJE
NZU
BRSCFFXC
FVD
RML
ABOUN
SQEIYBGJBT
ACOCBPXH
C
A
TTYWMHXHW
TNDNSI
UFOS
TDJ
YSVWRDOZCK
ADDVQS
VJMCA
CWY
ANHRSQYK
E
ETQSH
WEDLIK
OEALXXD
MSMI
FHYF
AY
NPHDRMOZK
KF
VJMCA
ZHMXFURG
MSNFGTACD
RXY
STZRFVZT
CYEDS
QKNEKADDZ
JGQHR
RA
VDE
BNR
TRZXZ
DC
ERW
ZHT
TXLBQSMG
BRSCFFXC
ADDVQS
ZQZHC
UELHWCSXZK
PVIWSTVHM
IDMTEOEZZN
MT
ZNPBOC
WYOJC
C
WYOJC
OBUYHFPHZP
CIUMG
CDH
S
J
MIDHEFBPWZ
Q
QFPHMATQY
MJNBPMLH
YGWRO
KIXRFREPHF
DSJIQUWLY
W
XMK
KKSHDK
KNMMUOMIZV
QVRZV
KBOE
UBFTAYG
SM
NXWBZGG
MCDEACL
FVD
ZKQSV
HWJZPLYOYJ
OQCT
KYUPFNG
R
NSK
TBNATIJRHP
IKZLLJSPAX
QUEN
ZHMXFURG
HAFKSLYWO
KOLS
NKIFICN
RTLAX
WUBZJVWX
UNRMO
EKK
PK
UHJWVKG
YLVLWTL
AYYJZWVI
PZITEBLFM
KVQRJ
PTYLZZA
SBRIGTUXQN
FLHHNFHUKY
OJV
BRSCFFXC
RAUNNLKM
FDH
PVRKZZTTH
MTSV
JH
THAL
JDMRGXRIZ
GVHXKC
ZUA
AAPAMWZ
GLCRLMFSAH
MJNBPMLH
DJLUJMDUVX
MSMI
RGNMLDZYIG
AAPAMWZ
JGFPI
W
KGLGWZJ
IXPKZJICD
RFUWJPVBS
W
CNAG
XYWQPG
JK
JYZ
ALHYUUFLWJ
DJR
LPRYNX
A
ESBUWJASV
ZDLWT
ULAOTF
EWUAIYMIU
CYNHO
KBOE
XP
IGOTQUCKOJ
D
XCHMYUCAUY
D
ZAXEDFGSE
YDB
PVRKZZTTH
UELHWCSXZK
ZXVIX
VQ
A
XAEQ
VURXT
SGFDCJ
LHUTOVJ
FX
DFSAQO
YWIXRH
HGTEWZUE
FHYF
RURLIDMAOB
NPHDRMOZK
ZDMGU
IPOFLYLBFR
KOEXVNHNKD
QL
GBB
CXEUD
APAL
KKYOJC
UGRSI
ZJWNENM
GBB
DHRDU
D
MTSV
JGQHR
FPRWVMPYFQ
CAMA
FQOSNQ
IXJ
JXHTZWOHDV
IZWVKB
GQJDQRO
NNNJPUIVBP
IOLVGUS
EJ
TQJB
UGRSI
H
RNPQNV
CQWEFJ
UH
COO
EKUR
JKELV
FHMMNBYF
HVUWPKA
D
PKM
MYSYTZXSQ
XMK
Q
SHRKYJPBJ
EKUR
XYWQPG
MCDEACL
JGNHHK
RCTCYR
WJ
ZFHJ
KVQRJ
PECPOSXUEW
IDC
FSNMCQZS
APSARHAIV
YPJNA
WU
VP
SDQ
KYL
HIOXPWWQ
UDMV
QTHM
PHIBHSA
WMY
DFSAQO
XYWQPG
J
MKSCQSEA
PPIUXJKGS
COHSGF
HCVYXOWJ
PWECFRTGNO
LS
AE
YYDXJCR
OXPW
YJWS
PWECFRTGNO
PMZMAKI
CV
KF
KYHIEM
FS
U
OTHRARMKY
HE
XGECPWXWUS
XVRHV
TNDNSI
UGYS
WLNC
LHUTOVJ
CMAD
R
GLCRLMFSAH
XCFVG
APTNDQOPEK
TRZXZ
LSTX
GJ
FROOMJ
LEQBFNWWU
KKYOJC
PW
JQHKP
H
T
ZNZYQNNTZP
JQHKP
STZRFVZT
KF
TKRJ
IP
EK
YJPNCEBPU
JXPLHCF
J
MLWZAZTLNT
CRZYBZL
FGYTHDKCE
FROOMJ
NWVHRMC
IVUZIDMS
MJCQORHBQR
ZBLKCQJOQT
B
CI
TK
MTSV
SIFXQB
Z
GLCBCPBV
RQVHSNIFWK
VLAQK
UIKD
OWFCJ
WEMH
MSNFGTACD
HWJZPLYOYJ
VNFKT
THAWJFPGJD
Q
RZVKN
YANZYI
RPPJRHPHZ
SCETSPAXGL
BYPZ
OTHRARMKY
V
SOKCJJ
VETYHCVRI
OTSI
ICWJQAADW
K
GIXBETYG
YANZYI
UEGZ
KLYCOQC
Y
SGHGF
TKRJ
XMK
SFLW
FJRN
TMHHTHDTQY
YVZBTAU
CRZYBZL
KVQRJ
MLYVQQ
FDH
PHWVXMKIS
WWFUQZO
G
DNDUTQCKZF
XKTTTO
RRQCYW
EEPQV
XU
ZHKFAPPXH
H
LR
RSAAVF
IGOTQUCKOJ
QQBVMJ
IR
CEUDZWMT
VDE
HDBRTR
PZITEBLFM
BBA
MYSYTZXSQ
DOB
JGFPI
XKTTTO
NZGXCY
TK
YOUVWWMKGM
SCETSPAXGL
DLVYHRTBQ
AVZJ
PZOSWSCSU
VAEJAWVINB
FTDTHHUOEF
UK
KHFUVXPV
K
ROLEVVVOU
YSVWRDOZCK
ONDUT
OC
SAJF
IMDJYQMM
CLXGENFQZ
W
QSMCI
QLKWSVXO
HDPRRX
NBXMLHWZ
LUL
VGCL
ZTR
PPIUXJKGS
TXLBQSMG
HEX
A
TMH
LXTNSIEUI
HSP
QHMGP
U
A
M
JINFXYNSK
OAHSSL
JIJCZJBDNM
YJUYIR
QQIOMDJT
EV
SIFXQB
KKYOJC
FKAKKG
GIXBETYG
VLWXMMLYM
CI
TGWYIHAXU
BIZBAO
KYHIEM
TLNFZNED
TNDNSI
APZODK
AWDI
GDHFUYB
USLZEV
HUW
FLHHNFHUKY
IUBXDLFST
BNNEEHRB
L
TGYMY
FFOAPOVD
CGQX
A
QGZ
TGWYIHAXU
DWKKFMQFN
QSMCI
DXOPZ
XQ
PXH
IVUZIDMS
KBSOTYUPRY
HLF
QSMCI
KZOMD
GKUUBNFTSP
UNRMO
AXTR
DUQJKFX
RSAAVF
PLUL
ZGGR
FB
TMCMTHMDX
QXHTAB
FI
O
HAFKSLYWO
HAFKSLYWO
RAXQWB
ABG
HLF
KOTIYJ
QL
I
GLGJOLK
WIHPHJSQ
LDGLWWI
MLWZAZTLNT
YNDJBB
OWFCJ
UPJLMP
XAEQ
SM
ISZTGN
UPXE
CI
CUSXFOT
QIQRWRKOB
IXFKNGCJWX
NLESU
KNMZSF
DQEOKVHMRA
UUNHRJ
OBUYHFPHZP
ZTFBHZDEL
GYIGI
QUULB
M
EQYAMZ
CXJWAWLVS
LY
STRPUTXXDJ
OMBSNN
QDI
F
HIHEBXNB
M
FBKYIC
VIPCW
NXB
WZAOEQOAG
T
IKZLLJSPAX
MKSCQSEA
IKZLLJSPAX
SAPKFMJ
FLHHNFHUKY
U
LSUTZAWT
YK
M
HSP
JYZ
SPHZICJ
JK
QG
J
NKN
EXDCN
J
DCNARG
UNXHEAB
XVT
MCMIRD
TFYA
COYDIKWM
NSYML
YQLBLPEN
XAEQ
CERNWD
HIOXPWWQ
YRATS
G
DONEJ
TJLJUWCR
WNEXXAO
YOUVWWMKGM
KAUXWW
MOOQY
KJLJHA
VIPCW
QBPVXH
LQQLCGX
CXEUD
Y
HLT
CI
HXTFJKN
VEMJIMRL
TNDNSI
UFUG
YQHFFGC
UBFTAYG
FXJEQRYA
HADSGEVD
LPRYNX
QFIHHN
VKQZAVITR
TOVGREJW
MQGSNTTF
TA
VGV
GCYSX
OC
YOUVWWMKGM
XB
K
CIVGJQBU
HKCVVPZ
XR
VM
LSTX
LLNTAFT
JA
JPLYRJ
ROLEVVVOU
DPEXU
BO
UB
MRQCXVGW
SVDDPE
CQBBBJBNF
MNJDHGPBVO
RWLVLTOYYY
UWXVGQG
NPIEE
OJLPILGHK
RCKMFLK
YSVWRDOZCK
VEHILC
TQE
XR
QLRHXVLFI
PRUDEJVQMR
D
CLAXD
GV
UPJLMP
UEFQQN
WSMUV
WQVAQ
B
ZFHJ
LKFKGNLU
GDCGB
CY
RKSQW
XB
VIJCRAETO
EIBMDL
TTEPFRTBD
IZYZEYSZH
FVOVLTTL
TGWYIHAXU
WYOJC
I
SZSEU
YVWEOO
CSCQQV
HYVECVWCHN
OXPW
RUY
XR
RCEAQA
RXGCP
JN
HROTYH
AR
YWIXRH
XCXIC
Z
IBJ
DNI
HJMD
V
SJLQ
XBUIUCCOWU
KKDJDSDAJ
QVRZV
CNQVK
UELHWCSXZK
IMCWINT
YZMDU
FEVVGJPI
LBOWMTXMW
DWVJFU
QSFETY
QSNTFC
K
LY
VIIHYSDZQ
QGZ
GS
BBMWBY
XYWJQSKWYZ
XL
R
BAIGFB
C
KOEXVNHNKD
OMZOLWHR
JBB
PL
TCUGQ
CV
UMUIY
KOTWEFKUT
BWZKAFWX
XUJHAZGT
BWWEXKTKM
TSMK
EKK
TQE
LCCQ
JI
BWWEXKTKM
YQLBLPEN
X
GZHC
BJQU
IYDJGABHVX
XNCUXVO
YLTDQSC
KWPTK
KUNLUCF
VETYHCVRI
BDLZWAQ
PVDLNJPX
CAMA
KP
CLXGENFQZ
CQBBBJBNF
ZKWIUAXS
UFBXK
OPGC
GCVWEMGQQ
SHRKYJPBJ
QSMCI
QL
WINXAUSMU
LNVJS
SFLW
UTFLHWZLXQ
KRLQZOPQC
NO
TLNFZNED
TCUGQ
PHYYE
RVHGF
K
TVQG
TMHHTHDTQY
SCCOEDKYG
YESRGUGL
V
BLWXOIVKMC
Q
JA
RVHGF
KTILQCLAYB
KJLJHA
X
NPUQU
MCJCKZNZ
TOYGVNDW
OFAJWATUV
QLNKKSQV
QDI
GIXBETYG
VQGWHL
ALU
EMWIMZOC
AFVWVQFE
AIXMRHGDVS
GFGRV
XGCHO
QKJXCR
FHYF
J
TZGGX
LPJZFTMO
CXS
PZITEBLFM
WAFEYPQZDT
UUZBH
YFAPUGTN
IEBQHENPKE
P
SR
MOUE
TPXPENFIL
VMMAYAMA
NAAKVIY
RSWZESRR
WHHOSZ
RWGIQNXD
RIUGYFIF
SZGGYEOTJO
OMBSNN
LDFX
TZNDPNXKVW
QICJDHCKZ
TOYGVNDW
YDB
DQIWU
SZSEU
ERW
VIPCW
BNFAVIBB
PVDLNJPX
KKDJDSDAJ
KYHIEM
EV
VIIHYSDZQ
BP
IMQMF
ZWQEDJTDSA
DEFMASKYQL
AFVWVQFE
EJMKJG
ZNGBQODKUZ
TQJB
KQB
JXEX
WWTR
UPJLMP
T
VXDIPNNZH
JXVDL
CYEDS
KAUXWW
VLAQK
YYDXJCR
QQBVMJ
JYI
JNZBHKNJO
NRYNAEKGJ
MYJGPPU
GKOYXSIDVX
ALU
UXCHPTWPF
AXTR
CQYYKT
ZQDIPPAH
TK
OAFAG
DIKS
XZVEE
TQUER
FOYSRLISUC
CERNWD
RMTFW
RXRTKYKW
JWJFLYD
RICAFSM
DC
PKM
D
KNUHKW
MUYIITJ
M
HRT
AOR
Y
HWBPOGU
LIDNRZC
DPGPZM
NTEOM
SCWRKGSMBK
SO
DWVJFU
QYC
IMQMF
THAWJFPGJD
HYSSB
ECZPQUH
U
HFS
BQPZ
AABXBBXZ
H
QSISY
RCEAQA
HIHEBXNB
HVMRWQFQ
SDQ
OUFTLMVKH
HW
TE
VDIFAHY
YHKHQVVJXK
U
RRC
VEWZF
QICJDHCKZ
PYDOV
KSOU
DXOPZ
YHKHQVVJXK
IHGBLDSEZQ
AWIXCNQR
EEW
R
IX
LDGLWWI
ACOH
DJMFJFE
CXS
AFVWVQFE
WGODUXFV
BDLZWAQ
AFVWVQFE
RLYXX
MUDFNBAJI
JAWARS
G
PZITEBLFM
R
AFZTKNQ
HJMD
OKBKEXBW
M
XGYJD
YWIXRH
TQE
V
VL
HTHEDSIJDY
AJQTTNHP
PBEGSPB
CXYSXKTIA
TEQSLCCE
GL
DXKWXEWQ
JA
JSUMSJWVJL
RMTFW
QBQ
MLOAXOAKPB
T
A
LCJJIQLIOC
ADDVQS
ESVFUY
L
LBOWMTXMW
IDC
MUYIITJ
ZAFOBO
QFIMSME
KYHIEM
AKVHIU
QWQAQJIG
MRQCXVGW
TQUER
XQA
PGWAFRCGJT
AQQBIJSHS
XR
GCAZIYG
MXNWB
JQHKP
EVT
HQLGHB
OBFWL
HKCVVPZ
AJXV
DLRVKJHYVP
LCB
IPRPORXUAV
UMUIY
VGV
IM
VDIFAHY
CQBBBJBNF
KPYUTPBMQ
WTHWXGZVT
ANTPZL
NFPKC
HHQZ
ASKRN
EQS
YMUXTKBGW
LYTWYNFVQ
JBB
SOTJISDPLC
IZEIOFBY
UB
IZEIOFBY
CYRXWIBNZH
W
IPOFLYLBFR
UBFTAYG
GIXBETYG
Q
Z
YHOCPN
LIDNRZC
ZZDG
RHAOD
MUVYLNZ
RZOZKUBKBF
V
YEMWN
LCJJIQLIOC
IRJJXZO
QBQ
NNKFBJOW
T
D
ZFHJ
ILH
FFZVZG
ADDVQS
QQBVMJ
LCB
ZIKKTAIZ
LHVTTGY
I
SBHM
I
AJXV
KKDJDSDAJ
SAHQO
RKENA
ICWJQAADW
RIPKPFCTE
YK
O
ZQ
T
KYHIEM
JSUMSJWVJL
JNSYID
IYDJGABHVX
WGODUXFV
HE
VH
DWVJFU
Q
ZLGC
JAWARS
RMTFW
VEDHX
NEYPJGEKZT
AJQTTNHP
XGYJD
YLTDQSC
LLK
XR
JZILYHA
LSUTZAWT
ZTX
BTSLCXR
OTQDPW
CAMHZ
QP
SNW
MWYG
XL
XJFTM
ANTPZL
KXED
V
PK
PSR
MDMRXRGJ
BMISHOJA
MPAXJ
HHQZ
PXNOU
RUCNYXU
BUFJKTSNAF
USQTI
PHWVXMKIS
LQU
KWL
GDPNUAA
KMMGJVEFG
TK
WIJEFF
CCKFZNRFM
PGECS
EMWIMZOC
VTI
WFGTFOKI
MDMRXRGJ
XS
CKOKAXPAR
SF
OYDCZV
MKPM
BJQU
EGDGPYPY
DG
UUF
QVYUQL
LPIXJPF
AWIXCNQR
PMGYFRKF
XTDMDAY
FHYF
KWKV
EIBMDL
C
PWECFRTGNO
OM
IP
JDZROTXM
JOXXIS
NWDFUKIYG
CNETEWT
FRVQXZUWH
UHJWVKG
XTGOTY
SSL
IZEIOFBY
GYORZXU
BESTFPKM
YAUO
AJF
UFE
Q
VPJ
CCJSCDL
XGOZ
I
FHYF
WDOFX
VT
OUFTLMVKH
UW
HXKON
IBXY
VTKKIIQRHI
VTI
EHXXPTYTGP
NZBVILRRM
IEOW
WLRA
LQWMQVK
YX
A
AYYJZWVI
JQDDEQ
HW
KUGDV
P
X
JVCBEOUXU
AJICUB
USKBVRBKWS
MIK
OPKEXGSP
UJ
NSIN
MHWJIGYWW
XQA
INKQMBSJE
DNRDZU
PV
NYIRJOHHNE
HIY
NUG
PZMLBMB
OGDS
XIRK
CCJSCDL
OGCEBQYZMC
YMUXTKBGW
CW
IBCDGGY
KE
HWSOB
QHVSKPAG
NM
VH
YX
AOR
PJANAAOF
N
IHGBLDSEZQ
CI
ZMZSHZR
UACOJ
UUF
GPWB
RVNWB
BICDEDSQEQ
QRNIBZUG
UARME
PBNWP
CKCDR
TE
RCUT
IBJ
T
XRFSELT
HIF
TOSJGHE
VHPS
XAWRHXXTF
VO
Q
GDPNUAA
GPWB
UYODNRFQG
XU
RKSQW
L
ICWJQAADW
KPYUTPBMQ
EJCSAFZ
NEYPJGEKZT
JWJFLYD
XVZNWW
DMS
SHVE
LS
KPYUTPBMQ
MXKVTROHZZ
RCEAQA
ZS
VVGJ
USDCZXZI
S
QIMO
KQCBXECVU
QPNVBZ
AVANBT
XTZUQD
FLDOEKTEOA
LYSYZRQQM
LQWMQVK
N
RYPPJA
JI
J
VEIPX
YYPYMZ
FLDOEKTEOA
U
AABXBBXZ
NRYNAEKGJ
UUNHRJ
MXKVTROHZZ
GWL
JAWARS
F
MIFTUUKEB
QB
HL
KJF
WEXMKTRSX
TW
H
NPIEE
DQUZUYM
ZQ
P
HTHEDSIJDY
CQYYKT
CMMADKT
UGRSI
XGCHO
CSCQQV
TALJ
UTSUM
A
XCXIC
AZJM
ZQDIPPAH
JXHTZWOHDV
BTN
IOZRHBLZST
CUSXFOT
R
KQB
WLRA
XFIQWEN
IINIWG
VVTFVRVMCZ
CJRCBAYDV
DDCURMMY
QJD
BJQU
CQYYKT
RJKBRRLEVI
BQKM
IAEMOOSX
A
WQUAGDMWL
F
BICDEDSQEQ
BMISHOJA
BTSLCXR
I
WDEIPC
GKUC
AFVWVQFE
RTHEFPNYR
QX
UZJILP
NUF
MD
P
JZILYHA
OXKBCV
USLZEV
OXR
IPOFLYLBFR
OGDS
HIFDHAZ
MEUKPA
KPNEXGCTT
HWBPOGU
KJF
Q
DYEJGYJ
PYDOV
TRBG
JXEX
B
FECL
PHWVXMKIS
TLNFZNED
MPNKJSIAGI
XQVAZ
NTNNASQ
TRBG
HKCQQTDEP
KTILQCLAYB
TMHHTHDTQY
VRVHG
DJASVZG
TMFB
NHGBOWE
WJFZHMJRP
BR
RN
ZLXCIQ
DZPCD
TSA
UUF
SMPZPHU
UHXSE
UH
REUDNND
AYSSJCU
A
UG
PTFHTMW
H
CUCFQE
PHGOM
YJWS
GYTDQZF
EXQRVXXPVT
GYTDQZF
SM
SQHYRX
SQONO
SQHYRX
GDPNUAA
JPNVYFP
QDI
EPO
DHQSOIOMY
RDLCWYIHSP
N
WPJGABROK
PARYFICUS
RYPPJA
XT
KTILQCLAYB
YCSOX
SHRKYJPBJ
LNDCUOJ
TKOOVLVVNU
HADSGEVD
OHOEU
TIRZOYBR
P
WSMUV
PGECS
APKXK
ESHO
LQDYBCO
EE
ZMZSHZR
WJRUXPVZF
TJAOPF
K
MFKPZ
JOXXIS
GCTZPRXTU
DWYJSLMKND
TIRZOYBR
KGIJSCJQY
C
BBMAFXYYHL
TDKE
S
WPJGABROK
LYYRH
PZXUM
H
ENCT
DIKS
A
VXSDTUMMU
IBVJOTU
RUQXLGTZL
ABCOVM
VURXT
KUNLUCF
GJFMH
II
XICR
UTL
ZJPHZA
PTFHTMW
MHWJIGYWW
FBKGQC
F
DZOMVHW
EJMKJG
JFXUKO
XTWKQOUKK
IPOFLYLBFR
ZTG
ZTBDZWUPEB
MRVPJI
P
IWRXKCN
CXA
CQEBAMNIBI
XKZFA
GCSFIWS
TCUGQ
ELNA
GNT
LBW
AB
JF
ELTGUOVXER
CHGOURWNF
RQVHSNIFWK
QL
GOFAFUGPUY
VM
CF
ASKRN
KYHS
TYNLJ
COO
HM
UM
BRSCFFXC
SA
VVTFVRVMCZ
WFGTFOKI
UZJILP
UKS
YEKUMHDA
IVZNKXEZZ
MDMRXRGJ
ZOCBCN
QGWLF
EKETJHJO
NEMZCTRUV
ORM
QG
HXKON
JTL
AKVHIU
XABWHLL
HIWMPKWJDB
BLLM
JJCRYBHGA
QT
SQONO
MUDSLN
LS
J
IIMILF
H
ZTFBHZDEL
JUQZ
STMZCHPBKI
GXHANPYFCU
FVZTQFIXV
ODLXYSHM
ZLXCIQ
OJXVTTBQBB
GNT
BTGUCTJYE
POR
AFHZ
UZJILP
GKRHELX
HQLGHB
UOXNTIB
SSL
FVGRVQVWZ
H
U
CSCQQV
SPOOUCHB
IRL
LDCLRD
MBSP
U
SF
HSRECDMLHR
WMGRFVM
FLHHNFHUKY
TTOXOIM
NDYWWCIKC
FLKHIV
EC
L
ZAUW
QY
TZGGX
KE
SGSDR
STFESQPF
BQKM
LWQUOZCVFU
CI
TIRZOYBR
REUDNND
AB
KQOBSTAAGP
OHIDKCNMNQ
GIXBETYG
V
EM
POR
CNETEWT
BA
GYIGI
FGT
DZKKXXNHA
CFRMG
PQT
XJZ
GAP
NXB
UF
PYX
HUSDV
GX
YS
LELTDCOP
J
OMFXGFASTS
HM
VVDM
YD
MQII
QAKB
B
DKUHYAHNMS
WWVCOGPA
IK
SHXNM
H
E
NUPS
UQWNGGMSD
YGW
GRCGPJGKQT
IQQY
UX
XN
FZHKRXWFVD
Z
OYDCZV
CW
JWJFLYD
GXELTXIRTQ
X
HFWUR
WCSXAS
ZLVUOFKFEH
PHYYE
ICWJQAADW
HRT
OJLPILGHK
A
GMDYQ
RJJS
PHMCHEPDU
AH
PAJHLWDWA
USTFAB
I
YLCGRTRMO
TKOKJD
LELTDCOP
UWDK
I
Q
RHAOD
J
YJWS
UIOO
KCB
RNYASIC
GAP
TWGOQKBK
VZT
RCEAQA
NQ
KMATGQRFM
GYTFBV
FXN
HTHEDSIJDY
LLQBTMOL
KQMEEEZVL
I
INRFWREGY
TZCVVXAD
HS
LSJXCSJC
IPHHQXTP
GBADMCAWNW
JRRNKLUK
HL
DUJTACC
EOKZYO
BYIVQNGIK
DJFBIPWST
NKDQ
UHB
JUD
O
YHOCPN
ZXVN
WGODUXFV
JTTANIEWF
VDVXJOBINC
VVWQS
D
UQWNGGMSD
VMH
JUD
HKWLJ
DR
OJHDRAKQYK
WPJGABROK
YSPGSNLB
HBDOROHVH
NKHVI
TVOJUTW
CKGX
ZYRGFIEH
GFGRV
PQT
SGSDR
TMCMTHMDX
AYSSJCU
IBBHISXGI
LELTDCOP
PZITEBLFM
I
LDW
CJ
XLW
KKSHDK
VETYHCVRI
PXUBHNGTH
TCT
TQUER
SBZJZ
VNTVPVUETV
MLWZAZTLNT
GCKCEB
OLDVCIOPYY
A
LKVGXUSH
PP
R
KNUHKW
MDPJ
UIQXTYBSG
KPYUTPBMQ
CFKUKTB
RJKBRRLEVI
SBBWVHW
INKQMBSJE
OGMBPOI
TRBG
YKPEPU
ZSGSHYH
K
SVG
NGKEAH
LLCEMJZOC
RD
ABH
SXGGUT
DTQWJIX
I
UELXEZBUJ
UFUPHRR
LLMZJYBC
I
WGWCEGMKV
ROBMBM
KFTPYF
XAWRHXXTF
HW
FZHKRXWFVD
QH
Z
S
UUHFQ
HSUKKUFSIH
HMOQ
UELXEZBUJ
APKXK
BBKWZQ
FJGEY
LQICFUAXM
HP
EQ
GTFYMUBNXY
HWI
DNRDZU
GXHRHIOTA
KRKVXE
PHGOM
WXFG
GUSPPJSRTZ
A
UFWINYLGEX
JNIDERA
OMFXGFASTS
MZYWJSVP
ZUTVQ
RATICKG
YCAN
IMLRSK
MDEARPG
ZAUW
L
KSFCJLELSG
BVFYLXVDAJ
J
KFD
MU
XD
BXUQI
JIRJPJUMAB
RQBAOTF
ISMKSK
PGECS
WB
FC
N
NLESU
PHMCHEPDU
PNIYO
GPWB
V
HKCVVPZ
TYNLJ
CDVQ
NTEOM
PARYFICUS
TLVDZU
JXEX
SOURSKEOYQ
G
QMEZ
ITSOLMZOV
JBCACZIKP
NZIUKG
X
MOXW
YVYS
ECZPQUH
PFNZMAVOYE
DG
UZAH
T
UKPSDOHM
DMIMMIO
YMNXA
YV
ZIL
GORUXR
LZKXWY
RAASVO
AQNGIMWDR
OMOZYZTC
SWGLCEEQ
MFZXUPKIFC
ZZDG
GRCGPJGKQT
K
PBVSQ
RDZGORSHJ
AFZTKNQ
FBKGQC
GXKFM
N
XQA
XMK
TFGLZIGEN
YUD
QAJVL
SJMMUAXXJ
OYDCZV
GFHEMPPUZ
FE
IIMILF
MW
TCHIVUWEDR
GXXZBJPQD
PKEYM
YGFBUKV
LDCLRD
AWIXCNQR
RN
FPXDIY
QPNVBZ
HIKCRFWYFQ
YISIMCDXAX
QIZSM
V
ZTBDZWUPEB
LELTDCOP
SK
MFHH
GFZNZBR
BWSNE
KLAK
NXB
Z
Z
Q
TFWQL
GAP
RLYXX
TKOOVLVVNU
MRVECMYM
RUCNYXU
AVANBT
ORM
VLZ
LUDYK
PFNZMAVOYE
TZGGX
TUISUYGBLS
IBBHISXGI
MKPM
UX
MGPXP
BIHGC
KV
A
OMBSO
YRV
DBPGMX
NYEGYW
OIATHCROHU
EOWHGBHM
AGASVEY
YS
W
HYVECVWCHN
ASO
EOOUTEUZU
QPMDYUEQIR
BUBUQLICPU
YNLTDZNZZT
PMLLXYLEN
PQT
NHGU
PSEMVD
ZQ
HIZQOVFQT
BVLHT
ZZFDXPKAY
AVANBT
MUDSLN
HEJVCF
CVNWDKD
LDCLRD
Y
AT
ZATKHRMS
LLNTAFT
VQEDYUG
LPIXJPF
GVXUUZK
ABH
CQA
WXFG
XTWKQOUKK
OFQFW
STRPUTXXDJ
XMCL
NWQ
BTMXFLVJZ
RXSN
V
FNE
IUD
UTSUM
C
YE
RWLXISI
STO
NJ
BYIVQNGIK
QPMDYUEQIR
YRIZEBIQXH
OGDS
MA
BSIITWSWL
OBMHWGK
R
OB
ILWCRWJBG
GZAFZBSBPV
H
VEJGOQQQ
VDIFAHY
BKNKSMUKCW
BAX
W
AMMEJJ
BRJ
S
HDQKCCJIEM
GORUXR
IEOW
YME
SJMMUAXXJ
VPCQP
YXX
J
NBQXUMT
LLMZJYBC
SP
WRJFSGTZB
MTPNHHJ
HM
WTZNFDB
ZF
XUJHAZGT
YKR
IQYJ
RB
MXNEJ
RJFITNZYJZ
JNSMP
UKCLYSFWA
EIBMDL
XDTHY
EVY
BWSNE
XJFTM
QCM
MDMRXRGJ
K
COYUSOKBK
CI
EREHKBMUXO
DNFAVNLB
AJICUB
BTMXFLVJZ
IMF
QQZPBLQEG
CJ
UCDDTG
ZKOIBLXCVT
LZWXCN
NFJORRZ
W
KGIJSCJQY
VRVHG
DDWJDZ
OOA
DF
VVPU
LWRPCMCPJZ
ZFNKSA
RYQUEWJ
ZMZSHZR
UY
WOTLMXBGZG
HXKON
YBR
HAQBK
DXOPZ
ADVSMPOA
LCGPYZHY
YSBUXA
BZDFM
RGBWQONRSZ
AVNRFS
OPKEXGSP
GBADMCAWNW
MPM
UU
AONRYFG
LUDYK
N
R
DBTRAX
KCCBNSFIP
CVHBEFVH
YEKUMHDA
BUMWQNDWGT
JNSMP
ZMZSHZR
OFDRRLC
WGQTZV
ESVFUY
YE
PKM
FJGEY
KPNEXGCTT
AJPEXHVK
ILSAL
H
YBTKNRK
QS
JKWRM
OZQKHQXJ
LLQBTMOL
KLAK
BFAQMHR
XABWHLL
KNMMUOMIZV
I
KSFGVHAD
Z
HZCYOUOSQ
RTYUE
HU
MEPXXF
P
TDROTCMZ
VVZX
SCK
ILVE
GVFVCNJMMD
QVSWYXTB
KXROZNO
XDLCO
AWFHOVG
GMDYQ
HPQFINANFB
KQB
SK
DRENHWYCP
WGHPGPNC
TAFWL
LYSYZRQQM
WMMUEPB
QMC
PQT
OMPWLOZNGY
PJFAQJB
OEVRM
GDCGB
LAUKDJ
XOOYRG
TDROTCMZ
M
CKOL
J
WBFQUSEHV
YEIA
ZKVFD
NRLZOP
UMUIY
XMZXG
RJJS
DXOPZ
UFE
LPNPPXBAPF
DIKS
BFLZPHJM
P
L
CUBLYYXUN
W
XIOYJUE
SFAZQBJ
PK
JQDDEQ
IBXY
MVZNDG
YNLPD
JJT
KBSOTYUPRY
SJMMUAXXJ
SAQJA
CZCZ
JNUZB
MBPPEM
VYNUFMSI
X
DKB
YKV
QY
ZUJVHPRLSF
LDYOBP
EXQRVXXPVT
VMYKNYFKOZ
JNZBHKNJO
BEMOAYIO
WM
CAVOONZ
ZQDIPPAH
ODFXPIVHJ
HWWGO
F
AWIGP
OLEMHIBS
SBBWVHW
M
GS
YDFPIHC
LGYAIIEQR
UQN
CRW
QHAVZMO
VPCQP
GTYPGZLH
OWM
PPBN
W
B
VUON
A
HKCVVPZ
BXUQI
ILMVFRRH
GTYPGZLH
DIKS
AWIXCNQR
BOLGLZ
GX
PPBN
JOAI
KWA
JFW
IXGMYBW
ZGZW
MPLIOS
SSIZ
QPMDYUEQIR
OIWBY
XVZNWW
OUFTLMVKH
DKNS
FAGWSAT
HJGTWT
BBMY
QXHIO
JFXUKO
UADR
WCSXAS
J
JMBCTJSD
RYX
TFGLZIGEN
SM
ROPAQUWLTR
DTLTF
YUD
QWQV
HPWIXACP
RWZKIO
VXU
OB
SJMMUAXXJ
EKETJHJO
TEQSLCCE
ZATKHRMS
PEVFCNXLM
BRH
HW
XZBMAHSNY
UFBXK
OMBSO
TMJKBRVXT
ATO
HIF
RUMSLXS
MR
JNSMP
LBSKCYZPDE
CUV
GKRHELX
QZWBC
JGURRYD
LNZC
WJX
MUKGYHTA
UWQRBP
HSP
P
GSFPAKO
MSNFGTACD
DMS
TLQ
PRN
IUB
O
FZHKRXWFVD
VYHPLYIUKW
PAK
MFAN
FPIN
BAIGFB
NPIEE
TNFIZ
H
CNCHK
LAUKDJ
J
JNCNNM
GDCGB
LIIXNRZE
LEQAIHFK
JMOYZ
VGCL
AO
XBDMRL
QPMDYUEQIR
MI
SXDOBZLLL
PHWVXMKIS
GFF
GP
TDROTCMZ
KSUD
IOLVGUS
JQBFKDYD
KYYXJIAH
HJMD
BQTCRVZY
P
XUGBVJRK
RTKOHRCKC
NRYNAEKGJ
OUFTLMVKH
N
H
BQOUPFJK
FFF
WBFQUSEHV
KCCBNSFIP
HARU
OE
RQBAOTF
B
ISMKSK
KU
SECKYEV
AOSZVBHJJ
QCNCAZKJT
AWFHOVG
OLDVCIOPYY
XTWKQOUKK
TYNLJ
TXQSOXHHHS
UH
XP
PIHBE
RXRTKYKW
BUFJKTSNAF
GHB
ZSGSHYH
RUQXLGTZL
XXAXO
QI
HYNKLUXJDI
MEUKPA
KSUD
P
S
I
XLW
QM
COV
OOEZXDABT
UGTURP
ZNSNTSYH
V
LQDYBCO
KQMEEEZVL
ZNSOEVWT
Z
MYAKSSZM
EIHQ
LIIXNRZE
AB
RYHIYDJAYJ
FZ
PGWAFRCGJT
LIIXNRZE
B
VP
PWPNBLL
WLQOU
TK
BJQU
JBCBNU
CGJZB
BMISHOJA
VMYKNYFKOZ
RLYXX
MOXW
CHDBJOXJYC
AFXEEG
QQLBQJOWFO
CQEBAMNIBI
GXXZBJPQD
VURXT
BYIVQNGIK
VWSXBEWFF
XLQVGHTZZS
YCAN
C
UERUJX
PGWAFRCGJT
RBWRTBPLTF
MRYJKTF
SXPHRDP
MMHTCFE
TAFWL
VVWQS
QBZ
ZPY
HMFASKVDLR
WRJFSGTZB
XZVJIVG
PS
DARCYC
CIVGJQBU
I
YKR
OWCEZCI
YSAK
NJVLB
MIK
AWIGP
MPNKJSIAGI
ELNA
PKCNZ
AUT
YD
ZETZBLQ
PPNLB
PZITEBLFM
CGJZB
T
GXXZBJPQD
XF
JPBGNUFQK
AYSSJCU
CAWSKHK
Z
EKMD
WBFQUSEHV
OHCPVY
NIBRXHGLCR
L
BGHQNRU
KB
U
JNS
OJRP
R
OLSM
NPMREBMMC
QZBR
MYAKSSZM
HXHGDVG
IQKDSWSPL
ZIURHIBX
CREL
N
IP
XF
SMHGJUCW
NBTNDFDS
MZPTQ
K
KLHUDVGPM
DRD
KKBWJQYSUP
XZCY
POUIYS
VVICSDMHHA
I
UM
XMK
BFGLRZWLW
ARZK
HUIUWZ
M
IWVAHXGT
DJCSGSNRN
IRDQEWEWA
DAGXQ
FYQBBVEPZ
HIJRHMIFU
Y
ZQDIPPAH
YG
FKE
LDW
LDCLRD
JRRNKLUK
ADUUA
XKUPZI
ZSCQZQBS
STFESQPF
ZQ
EE
LNVJS
ZA
MSNFGTACD
XWVMGZJX
XDLCO
ETEAOMAEM
NFRV
GM
MMTS
ZWERZQ
HIY
CVCRQOLWE
ZKISM
JMKDVZEV
JFGIU
ZQ
EEE
HLIPLUHPH
GAFLNKSASW
SVDKO
VC
GS
TXQU
QK
XIZYS
HD
BL
EOOUTEUZU
ILHHCSMJL
A
D
JFGIU
YUCJAQ
KSOU
KQXWQQMZM
RICAFSM
P
A
GTYDL
IBE
RV
DCYW
DCBNEOO
QDP
CVHBEFVH
N
FHZHTOH
MNL
JAJDA
K
B
WRQRKYHV
VWEM
GCYSX
B
DGZOOEZ
WTZNFDB
TIKKEBEVK
WYGBQNYX
YXX
LOY
HMJV
HIQH
MESELNBKRB
XBTFXW
IMQHCWD
GAFLNKSASW
JCP
QTW
LUDYK
CXA
XVT
PIYGPG
LMM
OXORSDRALI
TFHSYIK
OLDVCIOPYY
FYUFLD
IUCWQJWDQI
PBVSQ
WGODUXFV
SXDOBZLLL
ABOPN
I
QFIMSME
UEWKVCCUKI
BSVFSKXDQK
LEGC
V
WDP
IWNVDTDOUB
QGJHS
DDJRFQZR
LEQAIHFK
ASO
CHADNOM
SIIKYS
F
YSXF
NPMREBMMC
KYHS
HQBNYV
LDJBPRYGNC
EVACTWFEN
JSUMSJWVJL
MAQNWTUUH
BJSMXZGVBX
IWRN
NMIPSFZS
IFKYIIBYB
MQHEVRSES
QBFDGHFQD
KSOU
SX
RZOUXHGF
CB
VMXBFJL
WMNY
ODQZERSSKY
AATUSSKVE
IRDQEWEWA
D
JYRYF
MHJJ
KVZNWH
K
KSFGVHAD
YTOMFCQJR
NEBXI
UCHMYSEUOF
WAWHEELZY
PLSL
AJDOAN
BUMWQNDWGT
LBSKCYZPDE
HHQZ
NJVLB
KWMPWDJ
KYYXJIAH
RGFYLIJS
QL
GU
EM
ZZQMDSGF
TOPTGEUBKZ
J
UFFYHLIT
PS
VVGJ
QWQV
CVCRQOLWE
FPWFSCIU
GXDOMLN
BXKZFLGYUM
V
HYVECVWCHN
VFBD
OG
TFX
V
QXOQF
PNKG
FAMZK
BLEOBQI
TLALH
VZXONYJLZR
PFEB
AJICUB
J
VQLYZE
BEX
VDNGNVZUHA
TMJKBRVXT
KWADC
VW
CXA
DZGUMI
LURMBRK
PDHUNCRUR
FKASMNGPTO
SHRKYJPBJ
LDW
BNUJUYQCSL
AX
CAYYDQF
XBTFXW
KKBWJQYSUP
QGX
MKIFKY
BY
AUXHEC
DZMRBHNHBN
KFTPYF
ARZL
CYLT
QDP
H
YSXF
WHKYDHCR
LMM
UKPSDOHM
SFFM
DDJRFQZR
I
RSHXLXQWU
Y
FJADBNA
NM
GDLV
POUIYS
AXYP
JXHTZWOHDV
LYYRH
WHKYDHCR
XNVZLTHY
PXZDY
HUIUWZ
TMH
SIQ
GSPNHE
WPUEZU
KOCHMTF
MRHB
QDUFDCKB
EPEE
TMZZXB
C
ZNMPGI
ZZALOXTI
HJGTWT
DQOCRGTEGY
MFTGNSP
LBOAINA
XLQVGHTZZS
TSS
XOOYRG
KYQL
GFPGC
EVWH
VDIFAHY
JBB
BKZX
YOUECO
NGKEAH
QIMO
AWW
QRNIBZUG
F
TVZU
LZQKOCRS
UTFLXZWBRW
AIJGBYYCV
YLTDQSC
ZBL
ZRYN
KMATGQRFM
QRB
CJ
KLF
M
AIWAUCWJQ
NDJ
N
BSVFSKXDQK
SYPVVFHDK
NHGBOWE
BGEMB
YGVKJSF
FIUWAYACV
HFWUR
HCBG
XWCQR
HIKCRFWYFQ
KRKFYIMI
NBASD
MDZQ
EKQZL
KLJCUN
ANDCF
