1
2
3
4
5
6
7
8
9
10
8
8
8
1) echo 10
2) echo 9
3) echo 8
4) echo 7
5) echo 6
6) echo 5
7) echo 4
8) echo 3
9) echo 2
10) echo 1
1) echo 10
2) echo 9
3) echo 8
4) echo 7
5) echo 6
6) echo 5
7) echo 4
8) echo 3
9) echo 2
10) echo 1
1) echo 10
2) echo 9
3) echo 8
4) echo 7
5) echo 6
1) echo 10
2) echo 9
3) echo 8
4) echo 7
5) echo 6
